[0.012s] Invoking command in '/home/zzz/ros2_ws/build/my_robot_description': CMAKE_PREFIX_PATH=${CMAKE_PREFIX_PATH}:/opt/ros/jazzy DEBUGINFOD_URLS=https://debuginfod.ubuntu.com /usr/bin/cmake /home/zzz/ros2_ws/src/my_robot_description -DCMAKE_INSTALL_PREFIX=/home/zzz/ros2_ws/install/my_robot_description
[0.281s] -- The C compiler identification is GNU 13.3.0
[0.447s] -- The CXX compiler identification is GNU 13.3.0
[0.468s] -- Detecting C compiler ABI info
[0.562s] -- Detecting C compiler ABI info - done
[0.567s] -- Check for working C compiler: /usr/bin/cc - skipped
[0.568s] -- Detecting C compile features
[0.569s] -- Detecting C compile features - done
[0.579s] -- Detecting CXX compiler ABI info
[0.665s] -- Detecting CXX compiler ABI info - done
[0.670s] -- Check for working CXX compiler: /usr/bin/c++ - skipped
[0.670s] -- Detecting CXX compile features
[0.671s] -- Detecting CXX compile features - done
[0.674s] -- Found ament_cmake: 2.5.6 (/opt/ros/jazzy/share/ament_cmake/cmake)
[0.788s] -- Found Python3: /usr/bin/python3 (found version "3.12.3") found components: Interpreter 
[0.902s] -- Found ament_lint_auto: 0.17.5 (/opt/ros/jazzy/share/ament_lint_auto/cmake)
[1.016s] -- Added test 'flake8' to check Python code syntax and style conventions
[1.016s] -- Configured 'flake8' exclude dirs and/or files: 
[1.016s] -- Added test 'lint_cmake' to check CMake code style
[1.017s] -- Added test 'pep257' to check Python code against some of the docstring style conventions in PEP 257
[1.018s] -- Added test 'xmllint' to check XML markup files
[1.020s] -- Configuring done (1.0s)
[1.022s] -- Generating done (0.0s)
[1.023s] -- Build files have been written to: /home/zzz/ros2_ws/build/my_robot_description
[1.027s] Invoked command in '/home/zzz/ros2_ws/build/my_robot_description' returned '0': CMAKE_PREFIX_PATH=${CMAKE_PREFIX_PATH}:/opt/ros/jazzy DEBUGINFOD_URLS=https://debuginfod.ubuntu.com /usr/bin/cmake /home/zzz/ros2_ws/src/my_robot_description -DCMAKE_INSTALL_PREFIX=/home/zzz/ros2_ws/install/my_robot_description
[1.028s] Invoking command in '/home/zzz/ros2_ws/build/my_robot_description': CMAKE_PREFIX_PATH=${CMAKE_PREFIX_PATH}:/opt/ros/jazzy DEBUGINFOD_URLS=https://debuginfod.ubuntu.com /usr/bin/cmake --build /home/zzz/ros2_ws/build/my_robot_description -- -j8 -l8
[1.058s] Invoked command in '/home/zzz/ros2_ws/build/my_robot_description' returned '0': CMAKE_PREFIX_PATH=${CMAKE_PREFIX_PATH}:/opt/ros/jazzy DEBUGINFOD_URLS=https://debuginfod.ubuntu.com /usr/bin/cmake --build /home/zzz/ros2_ws/build/my_robot_description -- -j8 -l8
[1.066s] Invoking command in '/home/zzz/ros2_ws/build/my_robot_description': CMAKE_PREFIX_PATH=${CMAKE_PREFIX_PATH}:/opt/ros/jazzy DEBUGINFOD_URLS=https://debuginfod.ubuntu.com /usr/bin/cmake --install /home/zzz/ros2_ws/build/my_robot_description
[1.072s] -- Install configuration: ""
[1.072s] -- Installing: /home/zzz/ros2_ws/install/my_robot_description/share/my_robot_description/launch
[1.072s] -- Installing: /home/zzz/ros2_ws/install/my_robot_description/share/my_robot_description/launch/display.launch.py
[1.072s] -- Installing: /home/zzz/ros2_ws/install/my_robot_description/share/my_robot_description/urdf
[1.072s] -- Installing: /home/zzz/ros2_ws/install/my_robot_description/share/my_robot_description/urdf/my_robot.urdf
[1.072s] -- Installing: /home/zzz/ros2_ws/install/my_robot_description/share/my_robot_description/config
[1.072s] -- Installing: /home/zzz/ros2_ws/install/my_robot_description/share/my_robot_description/config/display.rviz
[1.072s] -- Installing: /home/zzz/ros2_ws/install/my_robot_description/share/ament_index/resource_index/package_run_dependencies/my_robot_description
[1.072s] -- Installing: /home/zzz/ros2_ws/install/my_robot_description/share/ament_index/resource_index/parent_prefix_path/my_robot_description
[1.072s] -- Installing: /home/zzz/ros2_ws/install/my_robot_description/share/my_robot_description/environment/ament_prefix_path.sh
[1.072s] -- Installing: /home/zzz/ros2_ws/install/my_robot_description/share/my_robot_description/environment/ament_prefix_path.dsv
[1.072s] -- Installing: /home/zzz/ros2_ws/install/my_robot_description/share/my_robot_description/environment/path.sh
[1.072s] -- Installing: /home/zzz/ros2_ws/install/my_robot_description/share/my_robot_description/environment/path.dsv
[1.072s] -- Installing: /home/zzz/ros2_ws/install/my_robot_description/share/my_robot_description/local_setup.bash
[1.073s] -- Installing: /home/zzz/ros2_ws/install/my_robot_description/share/my_robot_description/local_setup.sh
[1.073s] -- Installing: /home/zzz/ros2_ws/install/my_robot_description/share/my_robot_description/local_setup.zsh
[1.073s] -- Installing: /home/zzz/ros2_ws/install/my_robot_description/share/my_robot_description/local_setup.dsv
[1.073s] -- Installing: /home/zzz/ros2_ws/install/my_robot_description/share/my_robot_description/package.dsv
[1.073s] -- Installing: /home/zzz/ros2_ws/install/my_robot_description/share/ament_index/resource_index/packages/my_robot_description
[1.073s] -- Installing: /home/zzz/ros2_ws/install/my_robot_description/share/my_robot_description/cmake/my_robot_descriptionConfig.cmake
[1.073s] -- Installing: /home/zzz/ros2_ws/install/my_robot_description/share/my_robot_description/cmake/my_robot_descriptionConfig-version.cmake
[1.073s] -- Installing: /home/zzz/ros2_ws/install/my_robot_description/share/my_robot_description/package.xml
[1.075s] Invoked command in '/home/zzz/ros2_ws/build/my_robot_description' returned '0': CMAKE_PREFIX_PATH=${CMAKE_PREFIX_PATH}:/opt/ros/jazzy DEBUGINFOD_URLS=https://debuginfod.ubuntu.com /usr/bin/cmake --install /home/zzz/ros2_ws/build/my_robot_description
