[0.009s] Invoking command in '/home/zzz/ros2_ws/build/turtle_circle': CMAKE_PREFIX_PATH=${CMAKE_PREFIX_PATH}:/opt/ros/jazzy DEBUGINFOD_URLS=https://debuginfod.ubuntu.com /usr/bin/cmake /home/zzz/ros2_ws/src/turtle_circle -DCMAKE_INSTALL_PREFIX=/home/zzz/ros2_ws/install/turtle_circle
[0.112s] -- The C compiler identification is GNU 13.3.0
[0.191s] -- The CXX compiler identification is GNU 13.3.0
[0.205s] -- Detecting C compiler ABI info
[0.276s] -- Detecting C compiler ABI info - done
[0.281s] -- Check for working C compiler: /usr/bin/cc - skipped
[0.281s] -- Detecting C compile features
[0.281s] -- Detecting C compile features - done
[0.289s] -- Detecting CXX compiler ABI info
[0.365s] -- Detecting CXX compiler ABI info - done
[0.370s] -- Check for working CXX compiler: /usr/bin/c++ - skipped
[0.370s] -- Detecting CXX compile features
[0.370s] -- Detecting CXX compile features - done
[0.372s] -- Found ament_cmake: 2.5.6 (/opt/ros/jazzy/share/ament_cmake/cmake)
[0.467s] -- Found Python3: /usr/bin/python3 (found version "3.12.3") found components: Interpreter 
[0.534s] -- Found rclcpp: 28.1.18 (/opt/ros/jazzy/share/rclcpp/cmake)
[0.557s] -- Found rosidl_generator_c: 4.6.7 (/opt/ros/jazzy/share/rosidl_generator_c/cmake)
[0.564s] -- Found rosidl_generator_cpp: 4.6.7 (/opt/ros/jazzy/share/rosidl_generator_cpp/cmake)
[0.572s] -- Using all available rosidl_typesupport_c: rosidl_typesupport_fastrtps_c;rosidl_typesupport_introspection_c
[0.582s] -- Using all available rosidl_typesupport_cpp: rosidl_typesupport_fastrtps_cpp;rosidl_typesupport_introspection_cpp
[0.629s] -- Found rmw_implementation_cmake: 7.3.3 (/opt/ros/jazzy/share/rmw_implementation_cmake/cmake)
[0.630s] -- Found rmw_fastrtps_cpp: 8.4.3 (/opt/ros/jazzy/share/rmw_fastrtps_cpp/cmake)
[0.690s] -- Found OpenSSL: /usr/lib/x86_64-linux-gnu/libcrypto.so (found version "3.0.13")  
[0.703s] -- Found FastRTPS: /opt/ros/jazzy/include (Required is at least version "2.13") 
[0.720s] -- Using RMW implementation 'rmw_fastrtps_cpp' as default
[0.766s] -- Found geometry_msgs: 5.3.7 (/opt/ros/jazzy/share/geometry_msgs/cmake)
[0.787s] -- Found turtlesim: 1.8.3 (/opt/ros/jazzy/share/turtlesim/cmake)
[0.823s] -- Found ament_lint_auto: 0.17.5 (/opt/ros/jazzy/share/ament_lint_auto/cmake)
[0.889s] -- Added test 'cppcheck' to perform static code analysis on C / C++ code
[0.889s] -- Configured cppcheck include dirs: 
[0.889s] -- Configured cppcheck exclude dirs and/or files: 
[0.890s] -- Added test 'lint_cmake' to check CMake code style
[0.890s] -- Added test 'uncrustify' to check C / C++ code style
[0.890s] -- Configured uncrustify additional arguments: 
[0.890s] -- Added test 'xmllint' to check XML markup files
[0.891s] -- Configuring done (0.9s)
[0.901s] -- Generating done (0.0s)
[0.904s] -- Build files have been written to: /home/zzz/ros2_ws/build/turtle_circle
[0.912s] Invoked command in '/home/zzz/ros2_ws/build/turtle_circle' returned '0': CMAKE_PREFIX_PATH=${CMAKE_PREFIX_PATH}:/opt/ros/jazzy DEBUGINFOD_URLS=https://debuginfod.ubuntu.com /usr/bin/cmake /home/zzz/ros2_ws/src/turtle_circle -DCMAKE_INSTALL_PREFIX=/home/zzz/ros2_ws/install/turtle_circle
[0.913s] Invoking command in '/home/zzz/ros2_ws/build/turtle_circle': CMAKE_PREFIX_PATH=${CMAKE_PREFIX_PATH}:/opt/ros/jazzy DEBUGINFOD_URLS=https://debuginfod.ubuntu.com /usr/bin/cmake --build /home/zzz/ros2_ws/build/turtle_circle -- -j8 -l8
[0.958s] [ 50%] [32mBuilding CXX object CMakeFiles/turtle_circle_publisher.dir/src/turtle_circle_publisher.cpp.o[0m
[0.958s] [ 50%] [32mBuilding CXX object CMakeFiles/turtle_pose_subscriber.dir/src/turtle_pose_subscriber.cpp.o[0m
[4.873s] [ 75%] [32m[1mLinking CXX executable turtle_circle_publisher[0m
[4.993s] [ 75%] Built target turtle_circle_publisher
[6.895s] [100%] [32m[1mLinking CXX executable turtle_pose_subscriber[0m
[7.083s] [100%] Built target turtle_pose_subscriber
[7.092s] Invoked command in '/home/zzz/ros2_ws/build/turtle_circle' returned '0': CMAKE_PREFIX_PATH=${CMAKE_PREFIX_PATH}:/opt/ros/jazzy DEBUGINFOD_URLS=https://debuginfod.ubuntu.com /usr/bin/cmake --build /home/zzz/ros2_ws/build/turtle_circle -- -j8 -l8
[7.101s] Invoking command in '/home/zzz/ros2_ws/build/turtle_circle': CMAKE_PREFIX_PATH=${CMAKE_PREFIX_PATH}:/opt/ros/jazzy DEBUGINFOD_URLS=https://debuginfod.ubuntu.com /usr/bin/cmake --install /home/zzz/ros2_ws/build/turtle_circle
[7.106s] -- Install configuration: ""
[7.107s] -- Installing: /home/zzz/ros2_ws/install/turtle_circle/lib/turtle_circle/turtle_circle_publisher
[7.107s] -- Set non-toolchain portion of runtime path of "/home/zzz/ros2_ws/install/turtle_circle/lib/turtle_circle/turtle_circle_publisher" to ""
[7.107s] -- Installing: /home/zzz/ros2_ws/install/turtle_circle/lib/turtle_circle/turtle_pose_subscriber
[7.110s] -- Set non-toolchain portion of runtime path of "/home/zzz/ros2_ws/install/turtle_circle/lib/turtle_circle/turtle_pose_subscriber" to ""
[7.110s] -- Installing: /home/zzz/ros2_ws/install/turtle_circle/share/ament_index/resource_index/package_run_dependencies/turtle_circle
[7.110s] -- Installing: /home/zzz/ros2_ws/install/turtle_circle/share/ament_index/resource_index/parent_prefix_path/turtle_circle
[7.110s] -- Installing: /home/zzz/ros2_ws/install/turtle_circle/share/turtle_circle/environment/ament_prefix_path.sh
[7.110s] -- Installing: /home/zzz/ros2_ws/install/turtle_circle/share/turtle_circle/environment/ament_prefix_path.dsv
[7.110s] -- Installing: /home/zzz/ros2_ws/install/turtle_circle/share/turtle_circle/environment/path.sh
[7.111s] -- Installing: /home/zzz/ros2_ws/install/turtle_circle/share/turtle_circle/environment/path.dsv
[7.111s] -- Installing: /home/zzz/ros2_ws/install/turtle_circle/share/turtle_circle/local_setup.bash
[7.111s] -- Installing: /home/zzz/ros2_ws/install/turtle_circle/share/turtle_circle/local_setup.sh
[7.111s] -- Installing: /home/zzz/ros2_ws/install/turtle_circle/share/turtle_circle/local_setup.zsh
[7.111s] -- Installing: /home/zzz/ros2_ws/install/turtle_circle/share/turtle_circle/local_setup.dsv
[7.111s] -- Installing: /home/zzz/ros2_ws/install/turtle_circle/share/turtle_circle/package.dsv
[7.111s] -- Installing: /home/zzz/ros2_ws/install/turtle_circle/share/ament_index/resource_index/packages/turtle_circle
[7.111s] -- Installing: /home/zzz/ros2_ws/install/turtle_circle/share/turtle_circle/cmake/turtle_circleConfig.cmake
[7.111s] -- Installing: /home/zzz/ros2_ws/install/turtle_circle/share/turtle_circle/cmake/turtle_circleConfig-version.cmake
[7.111s] -- Installing: /home/zzz/ros2_ws/install/turtle_circle/share/turtle_circle/package.xml
[7.112s] Invoked command in '/home/zzz/ros2_ws/build/turtle_circle' returned '0': CMAKE_PREFIX_PATH=${CMAKE_PREFIX_PATH}:/opt/ros/jazzy DEBUGINFOD_URLS=https://debuginfod.ubuntu.com /usr/bin/cmake --install /home/zzz/ros2_ws/build/turtle_circle
